---
source: src/tui/widgets/table.rs
expression: buffer
---
Buffer {
    area: Rect { x: 0, y: 0, width: 120, height: 20 },
    content: [
        "Name                              Description                       Creation Date        Last Used            Times Used",
        "                                                                                                                        ",
        "test10                            test description 10               2024-08-31 11:00:00                                0",
        "test11                            test description 11               2024-08-31 11:00:00                                0",
        "test12                            test description 12               2024-08-31 11:00:00                                0",
        "test13                            test description 13               2024-08-31 11:00:00                                0",
        "test14                            test description 14               2024-08-31 11:00:00                                0",
        "test15                            test description 15               2024-08-31 11:00:00                                0",
        "test16                            test description 16               2024-08-31 11:00:00                                0",
        "test17                            test description 17               2024-08-31 11:00:00                                0",
        "test18                            test description 18               2024-08-31 11:00:00                                0",
        "test19                            test description 19               2024-08-31 11:00:00                                0",
        "test20                            test description 20               2024-08-31 11:00:00                                0",
        "test21                            test description 21               2024-08-31 11:00:00                                0",
        "test22                            test description 22               2024-08-31 11:00:00                                0",
        "test23                            test description 23               2024-08-31 11:00:00                                0",
        "test24                            test description 24               2024-08-31 11:00:00                                0",
        "test25                            test description 25               2024-08-31 11:00:00                                0",
        "test26                            test description 26               2024-08-31 11:00:00                                0",
        "test27                            test description 27               2024-08-31 11:00:00                                0",
    ],
    styles: [
        x: 0, y: 0, fg: Reset, bg: Reset, underline: Reset, modifier: NONE,
    ]
}
